Reading netlist file: "C:\Project\gowin_fpga\github_project\i2c\i2c_write_pixel\impl\gwsynthesis\i2c_write_pixel.vg"
Parsing netlist file "C:\Project\gowin_fpga\github_project\i2c\i2c_write_pixel\impl\gwsynthesis\i2c_write_pixel.vg" completed
Processing netlist completed
Reading constraint file: "C:\Project\gowin_fpga\github_project\i2c\i2c_write_pixel\src\i2c_write_test_1.cst"
Physical Constraint parsed completed
Running placement......
[10%] Placement Phase 0 completed
[20%] Placement Phase 1 completed
[30%] Placement Phase 2 completed
WARN  (TA1132) :  'sys_clk' was determined to be a clock but was not created.
[50%] Placement Phase 3 completed
Running routing......
[60%] Routing Phase 0 completed
[70%] Routing Phase 1 completed
[80%] Routing Phase 2 completed
[90%] Routing Phase 3 completed
Running timing analysis......
[95%] Timing analysis completed
Placement and routing completed
Bitstream generation in progress......
Bitstream generation completed
Running power analysis......
[100%] Power analysis completed
Generate file "C:\Project\gowin_fpga\github_project\i2c\i2c_write_pixel\impl\pnr\i2c_write_pixel.power.html" completed
Generate file "C:\Project\gowin_fpga\github_project\i2c\i2c_write_pixel\impl\pnr\i2c_write_pixel.pin.html" completed
Generate file "C:\Project\gowin_fpga\github_project\i2c\i2c_write_pixel\impl\pnr\i2c_write_pixel.rpt.html" completed
Generate file "C:\Project\gowin_fpga\github_project\i2c\i2c_write_pixel\impl\pnr\i2c_write_pixel.rpt.txt" completed
Generate file "C:\Project\gowin_fpga\github_project\i2c\i2c_write_pixel\impl\pnr\i2c_write_pixel.tr.html" completed
Mon Apr 20 10:58:02 2026

