Reading netlist file: "C:\Project\gowin_fpga\github_project\ze08_ch2o\impl\gwsynthesis\ze08_ch2o.vg"
Parsing netlist file "C:\Project\gowin_fpga\github_project\ze08_ch2o\impl\gwsynthesis\ze08_ch2o.vg" completed
Processing netlist completed
Reading constraint file: "C:\Project\gowin_fpga\github_project\ze08_ch2o\src\ze08_ch2o.cst"
Physical Constraint parsed completed
Running placement......
[10%] Placement Phase 0 completed
[20%] Placement Phase 1 completed
[30%] Placement Phase 2 completed
WARN  (TA1132) :  'sys_clk' was determined to be a clock but was not created.
WARN  (TA1132) :  'tck_pad_i' was determined to be a clock but was not created.
[50%] Placement Phase 3 completed
Running routing......
[60%] Routing Phase 0 completed
[70%] Routing Phase 1 completed
[80%] Routing Phase 2 completed
[90%] Routing Phase 3 completed
Running timing analysis......
[95%] Timing analysis completed
Placement and routing completed
Bitstream generation in progress......
Bitstream generation completed
Running power analysis......
[100%] Power analysis completed
Generate file "C:\Project\gowin_fpga\github_project\ze08_ch2o\impl\pnr\ze08_ch2o.power.html" completed
Generate file "C:\Project\gowin_fpga\github_project\ze08_ch2o\impl\pnr\ze08_ch2o.pin.html" completed
Generate file "C:\Project\gowin_fpga\github_project\ze08_ch2o\impl\pnr\ze08_ch2o.rpt.html" completed
Generate file "C:\Project\gowin_fpga\github_project\ze08_ch2o\impl\pnr\ze08_ch2o.rpt.txt" completed
Generate file "C:\Project\gowin_fpga\github_project\ze08_ch2o\impl\pnr\ze08_ch2o.tr.html" completed
Fri Mar 27 09:15:47 2026

