Reading netlist file: "C:\Project\gowin_fpga\github_project\ssd1309\region_write_ip\impl\gwsynthesis\region_write_ip.vg"
Parsing netlist file "C:\Project\gowin_fpga\github_project\ssd1309\region_write_ip\impl\gwsynthesis\region_write_ip.vg" completed
Processing netlist completed
Reading constraint file: "C:\Project\gowin_fpga\github_project\ssd1309\region_write_ip\src\i2c_ip_gen_test_2.cst"
Physical Constraint parsed completed
Running placement......
[10%] Placement Phase 0 completed
[20%] Placement Phase 1 completed
[30%] Placement Phase 2 completed
WARN  (TA1132) :  'sys_clk' was determined to be a clock but was not created.
[50%] Placement Phase 3 completed
Running routing......
[60%] Routing Phase 0 completed
[70%] Routing Phase 1 completed
[80%] Routing Phase 2 completed
[90%] Routing Phase 3 completed
Running timing analysis......
[95%] Timing analysis completed
Placement and routing completed
Bitstream generation in progress......
Bitstream generation completed
Running power analysis......
[100%] Power analysis completed
Generate file "C:\Project\gowin_fpga\github_project\ssd1309\region_write_ip\impl\pnr\region_write_ip.power.html" completed
Generate file "C:\Project\gowin_fpga\github_project\ssd1309\region_write_ip\impl\pnr\region_write_ip.pin.html" completed
Generate file "C:\Project\gowin_fpga\github_project\ssd1309\region_write_ip\impl\pnr\region_write_ip.rpt.html" completed
Generate file "C:\Project\gowin_fpga\github_project\ssd1309\region_write_ip\impl\pnr\region_write_ip.rpt.txt" completed
Generate file "C:\Project\gowin_fpga\github_project\ssd1309\region_write_ip\impl\pnr\region_write_ip.tr.html" completed
Thu Apr 23 11:33:41 2026

