Reading netlist file: "C:\Project\gowin_fpga\github_project\spi\spi_write_command_with_parameter\impl\gwsynthesis\spi_write_command_with_parameter.vg"
Parsing netlist file "C:\Project\gowin_fpga\github_project\spi\spi_write_command_with_parameter\impl\gwsynthesis\spi_write_command_with_parameter.vg" completed
Processing netlist completed
Reading constraint file: "C:\Project\gowin_fpga\github_project\spi\spi_write_command_with_parameter\src\spi_write_command_ip_test1.cst"
Physical Constraint parsed completed
Running placement......
[10%] Placement Phase 0 completed
[20%] Placement Phase 1 completed
[30%] Placement Phase 2 completed
WARN  (TA1132) :  'sys_clk' was determined to be a clock but was not created.
WARN  (TA1132) :  'u_spi_driver/your_instance_name/u_spi_master/n318_11' was determined to be a clock but was not created.
[50%] Placement Phase 3 completed
Running routing......
[60%] Routing Phase 0 completed
[70%] Routing Phase 1 completed
[80%] Routing Phase 2 completed
[90%] Routing Phase 3 completed
Running timing analysis......
[95%] Timing analysis completed
Placement and routing completed
Bitstream generation in progress......
Bitstream generation completed
Running power analysis......
[100%] Power analysis completed
Generate file "C:\Project\gowin_fpga\github_project\spi\spi_write_command_with_parameter\impl\pnr\spi_write_command_with_parameter.power.html" completed
Generate file "C:\Project\gowin_fpga\github_project\spi\spi_write_command_with_parameter\impl\pnr\spi_write_command_with_parameter.pin.html" completed
Generate file "C:\Project\gowin_fpga\github_project\spi\spi_write_command_with_parameter\impl\pnr\spi_write_command_with_parameter.rpt.html" completed
Generate file "C:\Project\gowin_fpga\github_project\spi\spi_write_command_with_parameter\impl\pnr\spi_write_command_with_parameter.rpt.txt" completed
Generate file "C:\Project\gowin_fpga\github_project\spi\spi_write_command_with_parameter\impl\pnr\spi_write_command_with_parameter.tr.html" completed
Thu May  7 11:30:39 2026

