GowinSynthesis start
Running parser ...
Analyzing Verilog file 'C:\Project\gowin_fpga\github_project\i2c\i2c_write_pixel\src\i2c_clock.v'
Analyzing Verilog file 'C:\Project\gowin_fpga\github_project\i2c\i2c_write_pixel\src\i2c_send_one_byte.v'
Analyzing Verilog file 'C:\Project\gowin_fpga\github_project\i2c\i2c_write_pixel\src\top.v'
Analyzing Verilog file 'C:\Project\gowin_fpga\github_project\i2c\i2c_write_pixel\src\i2c_write_any_length_pixel_data.v'
Compiling module 'top'("C:\Project\gowin_fpga\github_project\i2c\i2c_write_pixel\src\top.v":1)
Compiling module 'i2c_write_any_length_pixel_data'("C:\Project\gowin_fpga\github_project\i2c\i2c_write_pixel\src\i2c_write_any_length_pixel_data.v":1)
Compiling module 'i2c_send_one_byte'("C:\Project\gowin_fpga\github_project\i2c\i2c_write_pixel\src\i2c_send_one_byte.v":1)
Compiling module 'i2c_clock'("C:\Project\gowin_fpga\github_project\i2c\i2c_write_pixel\src\i2c_clock.v":1)
NOTE  (EX0101) : Current top module is "top"
[5%] Running netlist conversion ...
Running device independent optimization ...
[10%] Optimizing Phase 0 completed
[15%] Optimizing Phase 1 completed
[25%] Optimizing Phase 2 completed
Running inference ...
[30%] Inferring Phase 0 completed
[40%] Inferring Phase 1 completed
[50%] Inferring Phase 2 completed
[55%] Inferring Phase 3 completed
Running technical mapping ...
[60%] Tech-Mapping Phase 0 completed
[65%] Tech-Mapping Phase 1 completed
[75%] Tech-Mapping Phase 2 completed
[80%] Tech-Mapping Phase 3 completed
[90%] Tech-Mapping Phase 4 completed
[95%] Generate netlist file "C:\Project\gowin_fpga\github_project\i2c\i2c_write_pixel\impl\gwsynthesis\i2c_write_pixel.vg" completed
[100%] Generate report file "C:\Project\gowin_fpga\github_project\i2c\i2c_write_pixel\impl\gwsynthesis\i2c_write_pixel_syn.rpt.html" completed
GowinSynthesis finish
