GowinSynthesis start
Running parser ...
Analyzing Verilog file 'C:\Project\gowin_fpga\uart\uart_tx\src\top.v'
Analyzing Verilog file 'C:\Project\gowin_fpga\uart\uart_tx\src\uart_tx.v'
WARN  (EX3628) : Redeclaration of ANSI port 'tx_clk' is not allowed("C:\Project\gowin_fpga\uart\uart_tx\src\uart_tx.v":22)
WARN  (EX3073) : Port 'tx_clk' remains unconnected for this instance("C:\Project\gowin_fpga\uart\uart_tx\src\top.v":39)
Compiling module 'top'("C:\Project\gowin_fpga\uart\uart_tx\src\top.v":1)
Compiling module 'uart_tx'("C:\Project\gowin_fpga\uart\uart_tx\src\uart_tx.v":1)
NOTE  (EX0101) : Current top module is "top"
[5%] Running netlist conversion ...
Running device independent optimization ...
[10%] Optimizing Phase 0 completed
[15%] Optimizing Phase 1 completed
[25%] Optimizing Phase 2 completed
Running inference ...
[30%] Inferring Phase 0 completed
[40%] Inferring Phase 1 completed
[50%] Inferring Phase 2 completed
[55%] Inferring Phase 3 completed
Running technical mapping ...
[60%] Tech-Mapping Phase 0 completed
[65%] Tech-Mapping Phase 1 completed
[75%] Tech-Mapping Phase 2 completed
[80%] Tech-Mapping Phase 3 completed
[90%] Tech-Mapping Phase 4 completed
[95%] Generate netlist file "C:\Project\gowin_fpga\uart\uart_tx\impl\gwsynthesis\uart_tx.vg" completed
[100%] Generate report file "C:\Project\gowin_fpga\uart\uart_tx\impl\gwsynthesis\uart_tx_syn.rpt.html" completed
GowinSynthesis finish
